Archive member included to satisfy reference by file (symbol)

/Applications/STM32CubeIDE.app/Contents/Eclipse/plugins/com.st.stm32cube.ide.mcu.externaltools.gnu-tools-for-stm32.11.3.rel1.macos64_1.1.100.202310310803/tools/bin/../lib/gcc/arm-none-eabi/11.3.1/../../../../arm-none-eabi/lib/thumb/v7e-m+dp/hard/libc_nano.a(libc_a-exit.o)
                              /Applications/STM32CubeIDE.app/Contents/Eclipse/plugins/com.st.stm32cube.ide.mcu.externaltools.gnu-tools-for-stm32.11.3.rel1.macos64_1.1.100.202310310803/tools/bin/../lib/gcc/arm-none-eabi/11.3.1/../../../../arm-none-eabi/lib/thumb/v7e-m+dp/hard/crt0.o (exit)
/Applications/STM32CubeIDE.app/Contents/Eclipse/plugins/com.st.stm32cube.ide.mcu.externaltools.gnu-tools-for-stm32.11.3.rel1.macos64_1.1.100.202310310803/tools/bin/../lib/gcc/arm-none-eabi/11.3.1/../../../../arm-none-eabi/lib/thumb/v7e-m+dp/hard/libc_nano.a(libc_a-findfp.o)
                              /Applications/STM32CubeIDE.app/Contents/Eclipse/plugins/com.st.stm32cube.ide.mcu.externaltools.gnu-tools-for-stm32.11.3.rel1.macos64_1.1.100.202310310803/tools/bin/../lib/gcc/arm-none-eabi/11.3.1/../../../../arm-none-eabi/lib/thumb/v7e-m+dp/hard/libc_nano.a(libc_a-exit.o) (__stdio_exit_handler)
/Applications/STM32CubeIDE.app/Contents/Eclipse/plugins/com.st.stm32cube.ide.mcu.externaltools.gnu-tools-for-stm32.11.3.rel1.macos64_1.1.100.202310310803/tools/bin/../lib/gcc/arm-none-eabi/11.3.1/../../../../arm-none-eabi/lib/thumb/v7e-m+dp/hard/libc_nano.a(libc_a-fwalk.o)
                              /Applications/STM32CubeIDE.app/Contents/Eclipse/plugins/com.st.stm32cube.ide.mcu.externaltools.gnu-tools-for-stm32.11.3.rel1.macos64_1.1.100.202310310803/tools/bin/../lib/gcc/arm-none-eabi/11.3.1/../../../../arm-none-eabi/lib/thumb/v7e-m+dp/hard/libc_nano.a(libc_a-findfp.o) (_fwalk_sglue)
/Applications/STM32CubeIDE.app/Contents/Eclipse/plugins/com.st.stm32cube.ide.mcu.externaltools.gnu-tools-for-stm32.11.3.rel1.macos64_1.1.100.202310310803/tools/bin/../lib/gcc/arm-none-eabi/11.3.1/../../../../arm-none-eabi/lib/thumb/v7e-m+dp/hard/libc_nano.a(libc_a-memset.o)
                              /Applications/STM32CubeIDE.app/Contents/Eclipse/plugins/com.st.stm32cube.ide.mcu.externaltools.gnu-tools-for-stm32.11.3.rel1.macos64_1.1.100.202310310803/tools/bin/../lib/gcc/arm-none-eabi/11.3.1/../../../../arm-none-eabi/lib/thumb/v7e-m+dp/hard/crt0.o (memset)
/Applications/STM32CubeIDE.app/Contents/Eclipse/plugins/com.st.stm32cube.ide.mcu.externaltools.gnu-tools-for-stm32.11.3.rel1.macos64_1.1.100.202310310803/tools/bin/../lib/gcc/arm-none-eabi/11.3.1/../../../../arm-none-eabi/lib/thumb/v7e-m+dp/hard/libc_nano.a(libc_a-impure.o)
                              /Applications/STM32CubeIDE.app/Contents/Eclipse/plugins/com.st.stm32cube.ide.mcu.externaltools.gnu-tools-for-stm32.11.3.rel1.macos64_1.1.100.202310310803/tools/bin/../lib/gcc/arm-none-eabi/11.3.1/../../../../arm-none-eabi/lib/thumb/v7e-m+dp/hard/libc_nano.a(libc_a-findfp.o) (_impure_data)
/Applications/STM32CubeIDE.app/Contents/Eclipse/plugins/com.st.stm32cube.ide.mcu.externaltools.gnu-tools-for-stm32.11.3.rel1.macos64_1.1.100.202310310803/tools/bin/../lib/gcc/arm-none-eabi/11.3.1/../../../../arm-none-eabi/lib/thumb/v7e-m+dp/hard/libc_nano.a(libc_a-errno.o)
                              ./Src/syscalls.o (__errno)
/Applications/STM32CubeIDE.app/Contents/Eclipse/plugins/com.st.stm32cube.ide.mcu.externaltools.gnu-tools-for-stm32.11.3.rel1.macos64_1.1.100.202310310803/tools/bin/../lib/gcc/arm-none-eabi/11.3.1/../../../../arm-none-eabi/lib/thumb/v7e-m+dp/hard/libc_nano.a(libc_a-init.o)
                              /Applications/STM32CubeIDE.app/Contents/Eclipse/plugins/com.st.stm32cube.ide.mcu.externaltools.gnu-tools-for-stm32.11.3.rel1.macos64_1.1.100.202310310803/tools/bin/../lib/gcc/arm-none-eabi/11.3.1/../../../../arm-none-eabi/lib/thumb/v7e-m+dp/hard/crt0.o (__libc_init_array)
/Applications/STM32CubeIDE.app/Contents/Eclipse/plugins/com.st.stm32cube.ide.mcu.externaltools.gnu-tools-for-stm32.11.3.rel1.macos64_1.1.100.202310310803/tools/bin/../lib/gcc/arm-none-eabi/11.3.1/../../../../arm-none-eabi/lib/thumb/v7e-m+dp/hard/libc_nano.a(libc_a-lock.o)
                              /Applications/STM32CubeIDE.app/Contents/Eclipse/plugins/com.st.stm32cube.ide.mcu.externaltools.gnu-tools-for-stm32.11.3.rel1.macos64_1.1.100.202310310803/tools/bin/../lib/gcc/arm-none-eabi/11.3.1/../../../../arm-none-eabi/lib/thumb/v7e-m+dp/hard/libc_nano.a(libc_a-findfp.o) (__retarget_lock_init_recursive)
/Applications/STM32CubeIDE.app/Contents/Eclipse/plugins/com.st.stm32cube.ide.mcu.externaltools.gnu-tools-for-stm32.11.3.rel1.macos64_1.1.100.202310310803/tools/bin/../lib/gcc/arm-none-eabi/11.3.1/../../../../arm-none-eabi/lib/thumb/v7e-m+dp/hard/libc_nano.a(libc_a-mallocr.o)
[...]
Memory Configuration

Name             Origin             Length             Attributes
RAM              0x0000000020000000 0x0000000000080000 xrw
FLASH            0x0000000008000000 0x0000000000200000 xr
*default*        0x0000000000000000 0xffffffffffffffff

Linker script and memory map

LOAD /Applications/STM32CubeIDE.app/Contents/Eclipse/plugins/com.st.stm32cube.ide.mcu.externaltools.gnu-tools-for-stm32.11.3.rel1.macos64_1.1.100.202310310803/tools/bin/../lib/gcc/arm-none-eabi/11.3.1/thumb/v7e-m+dp/hard/crti.o
LOAD /Applications/STM32CubeIDE.app/Contents/Eclipse/plugins/com.st.stm32cube.ide.mcu.externaltools.gnu-tools-for-stm32.11.3.rel1.macos64_1.1.100.202310310803/tools/bin/../lib/gcc/arm-none-eabi/11.3.1/thumb/v7e-m+dp/hard/crtbegin.o
LOAD /Applications/STM32CubeIDE.app/Contents/Eclipse/plugins/com.st.stm32cube.ide.mcu.externaltools.gnu-tools-for-stm32.11.3.rel1.macos64_1.1.100.202310310803/tools/bin/../lib/gcc/arm-none-eabi/11.3.1/../../../../arm-none-eabi/lib/thumb/v7e-m+dp/hard/crt0.o
LOAD ./Src/main.o
LOAD ./Src/syscalls.o
LOAD ./Src/sysmem.o
LOAD ./Src/usart.o
LOAD ./Startup/startup_stm32f767zitx.o
START GROUP
LOAD /Applications/STM32CubeIDE.app/Contents/Eclipse/plugins/com.st.stm32cube.ide.mcu.externaltools.gnu-tools-for-stm32.11.3.rel1.macos64_1.1.100.202310310803/tools/bin/../lib/gcc/arm-none-eabi/11.3.1/../../../../arm-none-eabi/lib/thumb/v7e-m+dp/hard/libc_nano.a
LOAD /Applications/STM32CubeIDE.app/Contents/Eclipse/plugins/com.st.stm32cube.ide.mcu.externaltools.gnu-tools-for-stm32.11.3.rel1.macos64_1.1.100.202310310803/tools/bin/../lib/gcc/arm-none-eabi/11.3.1/../../../../arm-none-eabi/lib/thumb/v7e-m+dp/hard/libm.a
END GROUP
START GROUP
LOAD /Applications/STM32CubeIDE.app/Contents/Eclipse/plugins/com.st.stm32cube.ide.mcu.externaltools.gnu-tools-for-stm32.11.3.rel1.macos64_1.1.100.202310310803/tools/bin/../lib/gcc/arm-none-eabi/11.3.1/thumb/v7e-m+dp/hard/libgcc.a
LOAD /Applications/STM32CubeIDE.app/Contents/Eclipse/plugins/com.st.stm32cube.ide.mcu.externaltools.gnu-tools-for-stm32.11.3.rel1.macos64_1.1.100.202310310803/tools/bin/../lib/gcc/arm-none-eabi/11.3.1/../../../../arm-none-eabi/lib/thumb/v7e-m+dp/hard/libc_nano.a
END GROUP
START GROUP
LOAD /Applications/STM32CubeIDE.app/Contents/Eclipse/plugins/com.st.stm32cube.ide.mcu.externaltools.gnu-tools-for-stm32.11.3.rel1.macos64_1.1.100.202310310803/tools/bin/../lib/gcc/arm-none-eabi/11.3.1/thumb/v7e-m+dp/hard/libgcc.a
LOAD /Applications/STM32CubeIDE.app/Contents/Eclipse/plugins/com.st.stm32cube.ide.mcu.externaltools.gnu-tools-for-stm32.11.3.rel1.macos64_1.1.100.202310310803/tools/bin/../lib/gcc/arm-none-eabi/11.3.1/../../../../arm-none-eabi/lib/thumb/v7e-m+dp/hard/libc_nano.a
LOAD /Applications/STM32CubeIDE.app/Contents/Eclipse/plugins/com.st.stm32cube.ide.mcu.externaltools.gnu-tools-for-stm32.11.3.rel1.macos64_1.1.100.202310310803/tools/bin/../lib/gcc/arm-none-eabi/11.3.1/../../../../arm-none-eabi/lib/thumb/v7e-m+dp/hard/libnosys.a
END GROUP
START GROUP
LOAD /Applications/STM32CubeIDE.app/Contents/Eclipse/plugins/com.st.stm32cube.ide.mcu.externaltools.gnu-tools-for-stm32.11.3.rel1.macos64_1.1.100.202310310803/tools/bin/../lib/gcc/arm-none-eabi/11.3.1/thumb/v7e-m+dp/hard/libgcc.a
LOAD /Applications/STM32CubeIDE.app/Contents/Eclipse/plugins/com.st.stm32cube.ide.mcu.externaltools.gnu-tools-for-stm32.11.3.rel1.macos64_1.1.100.202310310803/tools/bin/../lib/gcc/arm-none-eabi/11.3.1/../../../../arm-none-eabi/lib/thumb/v7e-m+dp/hard/libc_nano.a
LOAD /Applications/STM32CubeIDE.app/Contents/Eclipse/plugins/com.st.stm32cube.ide.mcu.externaltools.gnu-tools-for-stm32.11.3.rel1.macos64_1.1.100.202310310803/tools/bin/../lib/gcc/arm-none-eabi/11.3.1/../../../../arm-none-eabi/lib/thumb/v7e-m+dp/hard/libnosys.a
END GROUP
LOAD /Applications/STM32CubeIDE.app/Contents/Eclipse/plugins/com.st.stm32cube.ide.mcu.externaltools.gnu-tools-for-stm32.11.3.rel1.macos64_1.1.100.202310310803/tools/bin/../lib/gcc/arm-none-eabi/11.3.1/thumb/v7e-m+dp/hard/crtend.o
LOAD /Applications/STM32CubeIDE.app/Contents/Eclipse/plugins/com.st.stm32cube.ide.mcu.externaltools.gnu-tools-for-stm32.11.3.rel1.macos64_1.1.100.202310310803/tools/bin/../lib/gcc/arm-none-eabi/11.3.1/thumb/v7e-m+dp/hard/crtn.o
                0x0000000020080000                _estack = (ORIGIN (RAM) + LENGTH (RAM))
                0x0000000000000200                _Min_Heap_Size = 0x200
                0x0000000000000400                _Min_Stack_Size = 0x400

.isr_vector     0x0000000008000000      0x1f8
                0x0000000008000000                . = ALIGN (0x4)
 *(.isr_vector)
 .isr_vector    0x0000000008000000      0x1f8 ./Startup/startup_stm32f767zitx.o
                0x0000000008000000                g_pfnVectors
                0x00000000080001f8                . = ALIGN (0x4)

.text           0x00000000080001f8      0x304
                0x00000000080001f8                . = ALIGN (0x4)
 *(.text)
 .text          0x00000000080001f8       0x40 /Applications/STM32CubeIDE.app/Contents/Eclipse/plugins/com.st.stm32cube.ide.mcu.externaltools.gnu-tools-for-stm32.11.3.rel1.macos64_1.1.100.202310310803/tools/bin/../lib/gcc/arm-none-eabi/11.3.1/thumb/v7e-m+dp/hard/crtbegin.o
 *(.text*)
 .text.main     0x0000000008000238       0x54 ./Src/main.o
                0x0000000008000238                main
 .text.blue_led_setup
                0x000000000800028c       0x3c ./Src/main.o
                0x000000000800028c                blue_led_setup
 .text.uart3_Rx_init
                0x00000000080002c8       0x94 ./Src/usart.o
                0x00000000080002c8                uart3_Rx_init
 .text.uart3_tx_init
                0x000000000800035c       0x94 ./Src/usart.o
                0x000000000800035c                uart3_tx_init
 .text.usart3_read
                0x00000000080003f0       0x28 ./Src/usart.o
                0x00000000080003f0                usart3_read
 .text.uart3_write
                0x0000000008000418       0x30 ./Src/usart.o
                0x0000000008000418                uart3_write
 .text.Reset_Handler
                0x0000000008000448       0x50 ./Startup/startup_stm32f767zitx.o
                0x0000000008000448                Reset_Handler
 .text.Default_Handler
                0x0000000008000498        0x2 ./Startup/startup_stm32f767zitx.o
                0x0000000008000498                DMA1_Stream3_IRQHandler
                0x0000000008000498                EXTI2_IRQHandler
                0x0000000008000498                TIM8_CC_IRQHandler
                0x0000000008000498                DebugMon_Handler
                0x0000000008000498                UART8_IRQHandler
                0x0000000008000498                LP_Timer1_IRQHandler
                0x0000000008000498                SPI4_IRQHandler
                0x0000000008000498                TIM1_CC_IRQHandler
                0x0000000008000498                QuadSPI_IRQHandler
                0x0000000008000498                DMA2_Stream5_IRQHandler
                0x0000000008000498                HardFault_Handler
                0x0000000008000498                JPEG_IRQHandler
                0x0000000008000498                DSIHOST_IRQHandler
                0x0000000008000498                DMA1_Stream5_IRQHandler
                0x0000000008000498                SysTick_Handler
                0x0000000008000498                CAN3_RX1_IRQHandler
                0x0000000008000498                PVD_IRQHandler
                0x0000000008000498                TAMP_STAMP_IRQHandler
                0x0000000008000498                PendSV_Handler
                0x0000000008000498                NMI_Handler
                0x0000000008000498                CAN2_RX1_IRQHandler
                0x0000000008000498                EXTI3_IRQHandler
                0x0000000008000498                TIM8_TRG_COM_TIM14_IRQHandler
                0x0000000008000498                DFSDM1_FLT1_IRQHandler
                0x0000000008000498                TIM1_UP_TIM10_IRQHandler
                0x0000000008000498                TIM8_UP_TIM13_IRQHandler
                0x0000000008000498                I2C3_ER_IRQHandler
                0x0000000008000498                DFSDM1_FLT2_IRQHandler
                0x0000000008000498                LCD_TFT_IRQHandler
                0x0000000008000498                EXTI0_IRQHandler
                0x0000000008000498                I2C2_EV_IRQHandler
                0x0000000008000498                DMA1_Stream2_IRQHandler
                0x0000000008000498                CAN1_RX0_IRQHandler
                0x0000000008000498                OTG_HS_WKUP_IRQHandler
                0x0000000008000498                CAN3_SCE_IRQHandler
                0x0000000008000498                UsageFault_Handler
                0x0000000008000498                CAN2_SCE_IRQHandler
                0x0000000008000498                DMA2_Stream2_IRQHandler
                0x0000000008000498                SPI1_IRQHandler
                0x0000000008000498                TIM6_DAC_IRQHandler
                0x0000000008000498                TIM1_BRK_TIM9_IRQHandler
                0x0000000008000498                DCMI_IRQHandler
                0x0000000008000498                CAN2_RX0_IRQHandler
                0x0000000008000498                DMA2_Stream3_IRQHandler
                0x0000000008000498                RTC_ALARM_IRQHandler
                0x0000000008000498                SAI2_IRQHandler
                0x0000000008000498                DFSDM1_FLT3_IRQHandler
                0x0000000008000498                USART6_IRQHandler
                0x0000000008000498                CAN3_RX0_IRQHandler
                0x0000000008000498                USART3_IRQHandler
                0x0000000008000498                CRYP_IRQHandler
                0x0000000008000498                CAN1_RX1_IRQHandler
                0x0000000008000498                UART5_IRQHandler
                0x0000000008000498                DMA2_Stream0_IRQHandler
                0x0000000008000498                TIM4_IRQHandler
                0x0000000008000498                I2C1_EV_IRQHandler
                0x0000000008000498                DMA1_Stream6_IRQHandler
                0x0000000008000498                DMA1_Stream1_IRQHandler
                0x0000000008000498                UART4_IRQHandler
                0x0000000008000498                LCD_TFT_1_IRQHandler
                0x0000000008000498                TIM3_IRQHandler
                0x0000000008000498                RCC_IRQHandler
                0x0000000008000498                TIM8_BRK_TIM12_IRQHandler
                0x0000000008000498                Default_Handler
                0x0000000008000498                EXTI15_10_IRQHandler
                0x0000000008000498                ADC_IRQHandler
                0x0000000008000498                DMA1_Stream7_IRQHandler
                0x0000000008000498                SPI5_IRQHandler
                0x0000000008000498                TIM7_IRQHandler
                0x0000000008000498                SDMMC1_IRQHandler
                0x0000000008000498                CAN2_TX_IRQHandler
                0x0000000008000498                TIM5_IRQHandler
                0x0000000008000498                DMA2_Stream7_IRQHandler
                0x0000000008000498                I2C3_EV_IRQHandler
                0x0000000008000498                EXTI9_5_IRQHandler
                0x0000000008000498                RTC_WKUP_IRQHandler
                0x0000000008000498                ETH_WKUP_IRQHandler
                0x0000000008000498                SPI2_IRQHandler
                0x0000000008000498                OTG_HS_EP1_IN_IRQHandler
                0x0000000008000498                MemManage_Handler
                0x0000000008000498                DMA1_Stream0_IRQHandler
                0x0000000008000498                CAN1_TX_IRQHandler
                0x0000000008000498                SVC_Handler
                0x0000000008000498                EXTI4_IRQHandler
                0x0000000008000498                ETH_IRQHandler
                0x0000000008000498                OTG_HS_EP1_OUT_IRQHandler
                0x0000000008000498                WWDG_IRQHandler
                0x0000000008000498                SPI6_IRQHandler
                0x0000000008000498                MDIOS_IRQHandler
                0x0000000008000498                I2C4_EV_IRQHandler
                0x0000000008000498                CAN3_TX_IRQHandler
                0x0000000008000498                TIM2_IRQHandler
                0x0000000008000498                OTG_FS_WKUP_IRQHandler
                0x0000000008000498                TIM1_TRG_COM_TIM11_IRQHandler
                0x0000000008000498                OTG_HS_IRQHandler
                0x0000000008000498                DMA2D_IRQHandler
                0x0000000008000498                EXTI1_IRQHandler
                0x0000000008000498                SDMMC2_IRQHandler
                0x0000000008000498                UART7_IRQHandler
                0x0000000008000498                USART2_IRQHandler
                0x0000000008000498                DFSDM1_FLT0_IRQHandler
                0x0000000008000498                I2C2_ER_IRQHandler
                0x0000000008000498                SPDIFRX_IRQHandler
                0x0000000008000498                DMA2_Stream1_IRQHandler
                0x0000000008000498                CAN1_SCE_IRQHandler
                0x0000000008000498                FLASH_IRQHandler
                0x0000000008000498                DMA2_Stream4_IRQHandler
                0x0000000008000498                BusFault_Handler
                0x0000000008000498                USART1_IRQHandler
                0x0000000008000498                OTG_FS_IRQHandler
                0x0000000008000498                SPI3_IRQHandler
                0x0000000008000498                DMA1_Stream4_IRQHandler
                0x0000000008000498                I2C1_ER_IRQHandler
                0x0000000008000498                FMC_IRQHandler
                0x0000000008000498                I2C4_ER_IRQHandler
                0x0000000008000498                DMA2_Stream6_IRQHandler
                0x0000000008000498                SAI1_IRQHandler
                0x0000000008000498                HASH_RNG_IRQHandler
 *fill*         0x000000000800049a        0x2 
 .text.__libc_init_array
                0x000000000800049c       0x48 /Applications/STM32CubeIDE.app/Contents/Eclipse/plugins/com.st.stm32cube.ide.mcu.externaltools.gnu-tools-for-stm32.11.3.rel1.macos64_1.1.100.202310310803/tools/bin/../lib/gcc/arm-none-eabi/11.3.1/../../../../arm-none-eabi/lib/thumb/v7e-m+dp/hard/libc_nano.a(libc_a-init.o)
                0x000000000800049c                __libc_init_array
 *(.glue_7)
 .glue_7        0x00000000080004e4        0x0 linker stubs
 *(.glue_7t)
 .glue_7t       0x00000000080004e4        0x0 linker stubs
 *(.eh_frame)
 .eh_frame      0x00000000080004e4        0x0 /Applications/STM32CubeIDE.app/Contents/Eclipse/plugins/com.st.stm32cube.ide.mcu.externaltools.gnu-tools-for-stm32.11.3.rel1.macos64_1.1.100.202310310803/tools/bin/../lib/gcc/arm-none-eabi/11.3.1/thumb/v7e-m+dp/hard/crtbegin.o
 *(.init)
 .init          0x00000000080004e4        0x4 /Applications/STM32CubeIDE.app/Contents/Eclipse/plugins/com.st.stm32cube.ide.mcu.externaltools.gnu-tools-for-stm32.11.3.rel1.macos64_1.1.100.202310310803/tools/bin/../lib/gcc/arm-none-eabi/11.3.1/thumb/v7e-m+dp/hard/crti.o
                0x00000000080004e4                _init
 .init          0x00000000080004e8        0x8 /Applications/STM32CubeIDE.app/Contents/Eclipse/plugins/com.st.stm32cube.ide.mcu.externaltools.gnu-tools-for-stm32.11.3.rel1.macos64_1.1.100.202310310803/tools/bin/../lib/gcc/arm-none-eabi/11.3.1/thumb/v7e-m+dp/hard/crtn.o
 *(.fini)
 .fini          0x00000000080004f0        0x4 /Applications/STM32CubeIDE.app/Contents/Eclipse/plugins/com.st.stm32cube.ide.mcu.externaltools.gnu-tools-for-stm32.11.3.rel1.macos64_1.1.100.202310310803/tools/bin/../lib/gcc/arm-none-eabi/11.3.1/thumb/v7e-m+dp/hard/crti.o
                0x00000000080004f0                _fini
 .fini          0x00000000080004f4        0x8 /Applications/STM32CubeIDE.app/Contents/Eclipse/plugins/com.st.stm32cube.ide.mcu.externaltools.gnu-tools-for-stm32.11.3.rel1.macos64_1.1.100.202310310803/tools/bin/../lib/gcc/arm-none-eabi/11.3.1/thumb/v7e-m+dp/hard/crtn.o
                0x00000000080004fc                . = ALIGN (0x4)
                0x00000000080004fc                _etext = .

.vfp11_veneer   0x00000000080004fc        0x0
 .vfp11_veneer  0x00000000080004fc        0x0 linker stubs

.v4_bx          0x00000000080004fc        0x0
 .v4_bx         0x00000000080004fc        0x0 linker stubs

.iplt           0x00000000080004fc        0x0
 .iplt          0x00000000080004fc        0x0 /Applications/STM32CubeIDE.app/Contents/Eclipse/plugins/com.st.stm32cube.ide.mcu.externaltools.gnu-tools-for-stm32.11.3.rel1.macos64_1.1.100.202310310803/tools/bin/../lib/gcc/arm-none-eabi/11.3.1/thumb/v7e-m+dp/hard/crtbegin.o

.rel.dyn        0x00000000080004fc        0x0
 .rel.iplt      0x00000000080004fc        0x0 /Applications/STM32CubeIDE.app/Contents/Eclipse/plugins/com.st.stm32cube.ide.mcu.externaltools.gnu-tools-for-stm32.11.3.rel1.macos64_1.1.100.202310310803/tools/bin/../lib/gcc/arm-none-eabi/11.3.1/thumb/v7e-m+dp/hard/crtbegin.o

.rodata         0x00000000080004fc        0x0
                0x00000000080004fc                . = ALIGN (0x4)
 *(.rodata)
 *(.rodata*)
                0x00000000080004fc                . = ALIGN (0x4)

.ARM.extab      0x00000000080004fc        0x0
                0x00000000080004fc                . = ALIGN (0x4)
 *(.ARM.extab* .gnu.linkonce.armextab.*)
                0x00000000080004fc                . = ALIGN (0x4)

.ARM            0x00000000080004fc        0x0
                0x00000000080004fc                . = ALIGN (0x4)
                0x00000000080004fc                __exidx_start = .
 *(.ARM.exidx*)
                0x00000000080004fc                __exidx_end = .
                0x00000000080004fc                . = ALIGN (0x4)

.preinit_array  0x00000000080004fc        0x0
                0x00000000080004fc                . = ALIGN (0x4)
                0x00000000080004fc                PROVIDE (__preinit_array_start = .)
 *(.preinit_array*)
                0x00000000080004fc                PROVIDE (__preinit_array_end = .)
                0x00000000080004fc                . = ALIGN (0x4)

.init_array     0x00000000080004fc        0x4
                0x00000000080004fc                . = ALIGN (0x4)
                0x00000000080004fc                PROVIDE (__init_array_start = .)
 *(SORT_BY_NAME(.init_array.*))
 *(.init_array*)
 .init_array    0x00000000080004fc        0x4 /Applications/STM32CubeIDE.app/Contents/Eclipse/plugins/com.st.stm32cube.ide.mcu.externaltools.gnu-tools-for-stm32.11.3.rel1.macos64_1.1.100.202310310803/tools/bin/../lib/gcc/arm-none-eabi/11.3.1/thumb/v7e-m+dp/hard/crtbegin.o
                0x0000000008000500                PROVIDE (__init_array_end = .)
                0x0000000008000500                . = ALIGN (0x4)

.fini_array     0x0000000008000500        0x4
                0x0000000008000500                . = ALIGN (0x4)
                [!provide]                        PROVIDE (__fini_array_start = .)
 *(SORT_BY_NAME(.fini_array.*))
 *(.fini_array*)
 .fini_array    0x0000000008000500        0x4 /Applications/STM32CubeIDE.app/Contents/Eclipse/plugins/com.st.stm32cube.ide.mcu.externaltools.gnu-tools-for-stm32.11.3.rel1.macos64_1.1.100.202310310803/tools/bin/../lib/gcc/arm-none-eabi/11.3.1/thumb/v7e-m+dp/hard/crtbegin.o
                [!provide]                        PROVIDE (__fini_array_end = .)
                0x0000000008000504                . = ALIGN (0x4)
                0x0000000008000504                _sidata = LOADADDR (.data)

.data           0x0000000020000000        0x0 load address 0x0000000008000504
                0x0000000020000000                . = ALIGN (0x4)
                0x0000000020000000                _sdata = .
 *(.data)
 *(.data*)
 *(.RamFunc)
 *(.RamFunc*)
                0x0000000020000000                . = ALIGN (0x4)
                0x0000000020000000                _edata = .

.igot.plt       0x0000000020000000        0x0 load address 0x0000000008000504
 .igot.plt      0x0000000020000000        0x0 /Applications/STM32CubeIDE.app/Contents/Eclipse/plugins/com.st.stm32cube.ide.mcu.externaltools.gnu-tools-for-stm32.11.3.rel1.macos64_1.1.100.202310310803/tools/bin/../lib/gcc/arm-none-eabi/11.3.1/thumb/v7e-m+dp/hard/crtbegin.o
                0x0000000020000000                . = ALIGN (0x4)

.bss            0x0000000020000000       0x20 load address 0x0000000008000504
                0x0000000020000000                _sbss = .
                0x0000000020000000                __bss_start__ = _sbss
 *(.bss)
 .bss           0x0000000020000000       0x1c /Applications/STM32CubeIDE.app/Contents/Eclipse/plugins/com.st.stm32cube.ide.mcu.externaltools.gnu-tools-for-stm32.11.3.rel1.macos64_1.1.100.202310310803/tools/bin/../lib/gcc/arm-none-eabi/11.3.1/thumb/v7e-m+dp/hard/crtbegin.o
 *(.bss*)
 .bss.key       0x000000002000001c        0x1 ./Src/main.o
                0x000000002000001c                key
 *(COMMON)
                0x0000000020000020                . = ALIGN (0x4)
 *fill*         0x000000002000001d        0x3 
                0x0000000020000020                _ebss = .
                0x0000000020000020                __bss_end__ = _ebss

._user_heap_stack
                0x0000000020000020      0x600 load address 0x0000000008000504
                0x0000000020000020                . = ALIGN (0x8)
                [!provide]                        PROVIDE (end = .)
                0x0000000020000020                PROVIDE (_end = .)
                0x0000000020000220                . = (. + _Min_Heap_Size)
 *fill*         0x0000000020000020      0x200 
                0x0000000020000620                . = (. + _Min_Stack_Size)
 *fill*         0x0000000020000220      0x400 
                0x0000000020000620                . = ALIGN (0x8)

/DISCARD/
 libc.a(*)
 libm.a(*)
 libgcc.a(*)

.ARM.attributes
                0x0000000000000000       0x2e
 *(.ARM.attributes)
 .ARM.attributes
                0x0000000000000000       0x1e /Applications/STM32CubeIDE.app/Contents/Eclipse/plugins/com.st.stm32cube.ide.mcu.externaltools.gnu-tools-for-stm32.11.3.rel1.macos64_1.1.100.202310310803/tools/bin/../lib/gcc/arm-none-eabi/11.3.1/thumb/v7e-m+dp/hard/crti.o
 .ARM.attributes
                0x000000000000001e       0x32 /Applications/STM32CubeIDE.app/Contents/Eclipse/plugins/com.st.stm32cube.ide.mcu.externaltools.gnu-tools-for-stm32.11.3.rel1.macos64_1.1.100.202310310803/tools/bin/../lib/gcc/arm-none-eabi/11.3.1/thumb/v7e-m+dp/hard/crtbegin.o
 .ARM.attributes
                0x0000000000000050       0x32 ./Src/main.o
 .ARM.attributes
                0x0000000000000082       0x32 ./Src/usart.o
 .ARM.attributes
                0x00000000000000b4       0x21 ./Startup/startup_stm32f767zitx.o
 .ARM.attributes
                0x00000000000000d5       0x32 /Applications/STM32CubeIDE.app/Contents/Eclipse/plugins/com.st.stm32cube.ide.mcu.externaltools.gnu-tools-for-stm32.11.3.rel1.macos64_1.1.100.202310310803/tools/bin/../lib/gcc/arm-none-eabi/11.3.1/../../../../arm-none-eabi/lib/thumb/v7e-m+dp/hard/libc_nano.a(libc_a-init.o)
 .ARM.attributes
                0x0000000000000107       0x1e /Applications/STM32CubeIDE.app/Contents/Eclipse/plugins/com.st.stm32cube.ide.mcu.externaltools.gnu-tools-for-stm32.11.3.rel1.macos64_1.1.100.202310310803/tools/bin/../lib/gcc/arm-none-eabi/11.3.1/thumb/v7e-m+dp/hard/crtn.o
OUTPUT(UART_Practice.elf elf32-littlearm)
LOAD linker stubs
LOAD /Applications/STM32CubeIDE.app/Contents/Eclipse/plugins/com.st.stm32cube.ide.mcu.externaltools.gnu-tools-for-stm32.11.3.rel1.macos64_1.1.100.202310310803/tools/bin/../lib/gcc/arm-none-eabi/11.3.1/../../../../arm-none-eabi/lib/thumb/v7e-m+dp/hard/libc.a
LOAD /Applications/STM32CubeIDE.app/Contents/Eclipse/plugins/com.st.stm32cube.ide.mcu.externaltools.gnu-tools-for-stm32.11.3.rel1.macos64_1.1.100.202310310803/tools/bin/../lib/gcc/arm-none-eabi/11.3.1/../../../../arm-none-eabi/lib/thumb/v7e-m+dp/hard/libm.a
LOAD /Applications/STM32CubeIDE.app/Contents/Eclipse/plugins/com.st.stm32cube.ide.mcu.externaltools.gnu-tools-for-stm32.11.3.rel1.macos64_1.1.100.202310310803/tools/bin/../lib/gcc/arm-none-eabi/11.3.1/thumb/v7e-m+dp/hard/libgcc.a

.comment        0x0000000000000000       0x43
 .comment       0x0000000000000000       0x43 /Applications/STM32CubeIDE.app/Contents/Eclipse/plugins/com.st.stm32cube.ide.mcu.externaltools.gnu-tools-for-stm32.11.3.rel1.macos64_1.1.100.202310310803/tools/bin/../lib/gcc/arm-none-eabi/11.3.1/thumb/v7e-m+dp/hard/crtbegin.o
                                         0x44 (size before relaxing)
 .comment       0x0000000000000043       0x44 ./Src/main.o
 .comment       0x0000000000000043       0x44 ./Src/usart.o

.debug_info     0x0000000000000000      0x74a
 .debug_info    0x0000000000000000      0x342 ./Src/main.o
 .debug_info    0x0000000000000342      0x3e5 ./Src/usart.o
 .debug_info    0x0000000000000727       0x23 ./Startup/startup_stm32f767zitx.o

.debug_abbrev   0x0000000000000000      0x257
 .debug_abbrev  0x0000000000000000      0x12a ./Src/main.o
 .debug_abbrev  0x000000000000012a      0x11b ./Src/usart.o
 .debug_abbrev  0x0000000000000245       0x12 ./Startup/startup_stm32f767zitx.o

.debug_aranges  0x0000000000000000       0x90
 .debug_aranges
                0x0000000000000000       0x28 ./Src/main.o
 .debug_aranges
                0x0000000000000028       0x40 ./Src/usart.o
 .debug_aranges
                0x0000000000000068       0x28 ./Startup/startup_stm32f767zitx.o

.debug_rnglists
                0x0000000000000000       0x5f
 .debug_rnglists
                0x0000000000000000       0x19 ./Src/main.o
 .debug_rnglists
                0x0000000000000019       0x2d ./Src/usart.o
 .debug_rnglists
                0x0000000000000046       0x19 ./Startup/startup_stm32f767zitx.o

.debug_macro    0x0000000000000000    0x1dcca
 .debug_macro   0x0000000000000000      0x1b5 ./Src/main.o
 .debug_macro   0x00000000000001b5      0xacc ./Src/main.o
 .debug_macro   0x0000000000000c81       0x22 ./Src/main.o
 .debug_macro   0x0000000000000ca3       0x5b ./Src/main.o
 .debug_macro   0x0000000000000cfe       0x29 ./Src/main.o
 .debug_macro   0x0000000000000d27       0x94 ./Src/main.o
 .debug_macro   0x0000000000000dbb       0x43 ./Src/main.o
 .debug_macro   0x0000000000000dfe       0x34 ./Src/main.o
 .debug_macro   0x0000000000000e32       0x16 ./Src/main.o
 .debug_macro   0x0000000000000e48       0x57 ./Src/main.o
 .debug_macro   0x0000000000000e9f       0x97 ./Src/main.o
 .debug_macro   0x0000000000000f36      0x369 ./Src/main.o
 .debug_macro   0x000000000000129f       0xfd ./Src/main.o
 .debug_macro   0x000000000000139c       0x10 ./Src/main.o
 .debug_macro   0x00000000000013ac       0x16 ./Src/main.o
 .debug_macro   0x00000000000013c2       0x43 ./Src/main.o
 .debug_macro   0x0000000000001405       0x34 ./Src/main.o
 .debug_macro   0x0000000000001439       0x10 ./Src/main.o
 .debug_macro   0x0000000000001449       0x58 ./Src/main.o
 .debug_macro   0x00000000000014a1       0x8e ./Src/main.o
 .debug_macro   0x000000000000152f       0x1c ./Src/main.o
 .debug_macro   0x000000000000154b      0x177 ./Src/main.o
 .debug_macro   0x00000000000016c2       0x16 ./Src/main.o
 .debug_macro   0x00000000000016d8       0x16 ./Src/main.o
 .debug_macro   0x00000000000016ee      0x147 ./Src/main.o
 .debug_macro   0x0000000000001835       0x3b ./Src/main.o
 .debug_macro   0x0000000000001870      0x103 ./Src/main.o
 .debug_macro   0x0000000000001973       0x6a ./Src/main.o
 .debug_macro   0x00000000000019dd      0x1df ./Src/main.o
 .debug_macro   0x0000000000001bbc       0x1c ./Src/main.o
 .debug_macro   0x0000000000001bd8       0x22 ./Src/main.o
 .debug_macro   0x0000000000001bfa       0xd9 ./Src/main.o
 .debug_macro   0x0000000000001cd3     0x12cd ./Src/main.o
 .debug_macro   0x0000000000002fa0      0x11f ./Src/main.o
 .debug_macro   0x00000000000030bf       0x19 ./Src/main.o
 .debug_macro   0x00000000000030d8    0x1aa0d ./Src/main.o
 .debug_macro   0x000000000001dae5       0x3a ./Src/main.o
 .debug_macro   0x000000000001db1f       0xcc ./Src/usart.o
 .debug_macro   0x000000000001dbeb       0x8e ./Src/usart.o
 .debug_macro   0x000000000001dc79       0x51 ./Src/usart.o

.debug_line     0x0000000000000000      0xc85
 .debug_line    0x0000000000000000      0x66c ./Src/main.o
 .debug_line    0x000000000000066c      0x59e ./Src/usart.o
 .debug_line    0x0000000000000c0a       0x7b ./Startup/startup_stm32f767zitx.o

.debug_str      0x0000000000000000    0xa66a5
 .debug_str     0x0000000000000000    0xa6641 ./Src/main.o
                                      0xa685b (size before relaxing)
 .debug_str     0x00000000000a6641       0x35 ./Src/usart.o
                                      0xa2dce (size before relaxing)
 .debug_str     0x00000000000a6676       0x2f ./Startup/startup_stm32f767zitx.o
                                         0x6a (size before relaxing)

.debug_frame    0x0000000000000000      0x134
 .debug_frame   0x0000000000000000       0x4c ./Src/main.o
 .debug_frame   0x000000000000004c       0xbc ./Src/usart.o
 .debug_frame   0x0000000000000108       0x2c /Applications/STM32CubeIDE.app/Contents/Eclipse/plugins/com.st.stm32cube.ide.mcu.externaltools.gnu-tools-for-stm32.11.3.rel1.macos64_1.1.100.202310310803/tools/bin/../lib/gcc/arm-none-eabi/11.3.1/../../../../arm-none-eabi/lib/thumb/v7e-m+dp/hard/libc_nano.a(libc_a-init.o)

.debug_line_str
                0x0000000000000000       0x5e
 .debug_line_str
                0x0000000000000000       0x5e ./Startup/startup_stm32f767zitx.o
                                         0x76 (size before relaxing)
